// Jest Snapshot v1, https://goo.gl/fbAQLP

exports[`renders correctly 1`] = `
<button
  className="
        btn
        btn--primary
        
        
      "
>
  <span
    className="btn__text"
  >
    I am a button
  </span>
</button>
`;
